// Jest Snapshot v1, https://goo.gl/fbAQLP

exports[`<HtmlComponent /> should match a snapshot 1`] = `
.c0 {
  font-size: 2.4rem;
}

<div>
  <div
    class="c0"
  >
    <b>
      Children
    </b>
  </div>
</div>
`;
