// Jest Snapshot v1, https://goo.gl/fbAQLP

exports[`<ArticleHeader /> should match snapshot 1`] = `
.c5 {
  font-size: 1.6rem;
  color: #AAAAAA;
}

.c5 .categories span::after {
  content: ", ";
}

.c5 .categories span:last-child::after {
  content: "";
}

.c5 a {
  color: #dc143c;
  -webkit-text-decoration: none;
  text-decoration: none;
  -webkit-transition: :all 350ms ease-in-out;
  transition: :all 350ms ease-in-out;
}

.c5 a:hover {
  -webkit-filter: brightness(50%);
  filter: brightness(50%);
}

.c2 {
  color: #000000;
  font-size: 3.2rem;
  text-transform: none;
}

.c0 {
  padding-bottom: 4.0rem;
  margin-bottom: 4.0rem;
  border-bottom: 0.1rem solid #DDDDDD;
}

.c0.c1 {
  margin: 0;
  margin-bottom: 2.4rem;
}

.c3 {
  margin: 2.4rem 0;
}

.c4 {
  max-width: 100%;
  display: block;
  margin-bottom: 2.4rem;
}

<div>
  <header
    class="c0"
  >
    <h2
      class="c1 c2"
    >
      lorem ipsum title
    </h2>
    <p
      class="c3"
    >
      lorem ipsum lorem impsum
    </p>
    <img
      alt="lorem ipsum title"
      class="c4"
      src="image.jpg"
    />
    <footer
      class="c5"
    >
      <p>
        <span>
          Por 
        </span>
        <a
          href="/author/lorem-ipsum"
        >
          Lorem ipsum
        </a>
        <span
          class="separator"
        >
           | 
        </span>
        <time
          datetime="2021-03-02T15:16:09.246+00:00"
        >
          2 de mar. de 2021
        </time>
        <span
          class="separator"
        >
           | 
        </span>
        <span
          class="categories"
        >
          <span>
            <a
              href="/category/tech"
            >
              Tech
            </a>
          </span>
          <span>
            <a
              href="/category/javascript"
            >
              Javascript
            </a>
          </span>
        </span>
      </p>
    </footer>
  </header>
</div>
`;
